res = 1
res = 1
res = 2
res = 3
res = 5
res = 8
res = 13
res = 21
res = 34
